

$ENTRY Go {
 (e.x1) (e.x2) (e.x3) e.x4 =  <LogAnd_6 (e.x1) (e.x2) (e.x3) (e.x4) ()>;
}


LogAnd_0 {
 (s.z1 e.x1) (s.z1 e.x2) (e.x3) (e.x4) (e.x5) (e.x6) =  <LogAnd_0 (e.x1) (e.x2) (e.x3)
                                                           (e.x4 s.z1) (e.x5) (e.x6)
                                                        >;
 ('a') () (e.x1) (e.x2) (e.x3) (e.x4) =  <LogAnd_1 (e.x1) (e.x2) (e.x3) (e.x4) () ()>;
 ('a' e.x1) () (e.x2) (e.x3) (e.x4) (e.x5) =  False;
 (e.x1) (e.x2) (e.x3) (e.x4) (e.x5) (e.x6) =  False;
}


LogAnd_1 {
 ('b' e.x1) ('ab' e.x2) (e.x3) (e.x4) (e.x5) (e.x6) =  <LogAnd_1 (e.x1) (e.x2) (e.x3)
                                                          (e.x4) (e.x5 'ab') (e.x6 'b')
                                                       >;
 (e.x1) ('ab' e.x2) (e.x3) (e.x4) (e.x5) (e.x6) =  False;
 (s.z1 e.x1) (s.z1 e.x2) (e.x3) (e.x4) (e.x5) (e.x6) =  <LogAnd_1 (e.x1) (e.x2) (e.x3)
                                                           (e.x4) (e.x5 s.z1) (e.x6 s.z1)
                                                        >;
 (e.x1) (s.z1 e.x2) (e.x3) (e.x4) (e.x5) (e.x6) =  False;
 ('a') () (e.x1) (e.x2) (e.x3) (e.x4) =  <LogAnd_2 (e.x1) (e.x2) (e.x3) () (e.x4)>;
 ('a' e.x1) () (e.x2) (e.x3) (e.x4) (e.x5) =  False;
 (e.x1) () (e.x2) (e.x3) (e.x4) (e.x5) =  False;
 (e.x1) (e.x2) (e.x3) (e.x4) (e.x5) (e.x6) =  False;
}


LogAnd_2 {
 ('ac' e.x1) (e.x2) ('a' e.x3) (e.x4) (e.x5) =  <LogAnd_2 (e.x1) (e.x2) (e.x3) (e.x4 'a') (e.x5)>;
 ('a' e.x1) (e.x2) ('a' e.x3) (e.x4) (e.x5) =  False;
 (e.x1) (e.x2) ('a' e.x3) (e.x4) (e.x5) =  False;
 (s.z1 e.x1) (e.x2) (s.z1 e.x3) (e.x4) (e.x5) =  <LogAnd_2 (e.x1) (e.x2) (e.x3) (e.x4 s.z1) (e.x5)>;
 () (e.x1) ('ba' e.x2) (e.x3) (e.x4) =  False;
 () (e.x1) ('bb' e.x2) (e.x3) (e.x4) =  <LogAnd_3 (e.x1) (e.x2) (e.x3) () (e.x4)>;
 () (e.x1) ('b' s.z1 e.x2) (e.x3) (e.x4) =  False;
 () (e.x1) ('b' e.x2) (e.x3) (e.x4) =  False;
 (e.x1) (e.x2) (s.z1 e.x3) (e.x4) (e.x5) =  False;
 (e.x1) (e.x2) (e.x3) (e.x4) (e.x5) =  False;
}


LogAnd_3 {
 ('ac' e.x1) ('a' e.x2) (e.x3) (e.x4) (e.x5) =  <LogAnd_3 (e.x1) (e.x2) (e.x3) (e.x4 'a') (e.x5)>;
 ('a' e.x1) ('a' e.x2) (e.x3) (e.x4) (e.x5) =  False;
 (e.x1) ('a' e.x2) (e.x3) (e.x4) (e.x5) =  False;
 (s.z1 e.x1) (s.z1 e.x2) (e.x3) (e.x4) (e.x5) =  <LogAnd_3 (e.x1) (e.x2) (e.x3) (e.x4 s.z1) (e.x5)>;
 (e.x1) (s.z1 e.x2) (e.x3) (e.x4) (e.x5) =  False;
 () () (e.x1) (e.x2) (e.x3) =  <LogAnd_4 (e.x1) (e.x2) (e.x3)>;
 (e.x1) (e.x2) (e.x3) (e.x4) (e.x5) =  False;
}


LogAnd_4 {
 ('c' e.x1) (e.x2) ('a' e.x3) =  <LogAnd_4 (e.x1) (e.x2) (e.x3)>;
 (e.x1) (e.x2) ('a' e.x3) =  False;
 ('c' e.x1) (e.x2) () =  False;
 (e.x1) (e.x2) () =  False;
 (s.z1 e.x1) (e.x2) (s.z1 e.x3) =  <LogAnd_4 (e.x1) (e.x2) (e.x3)>;
 () (e.x1) ('ba' e.x2) =  False;
 () (e.x1) ('b') =  False;
 () (e.x1) ('bb' e.x2) =  <LogAnd_5 (e.x1) (e.x2)>;
 () (e.x1) ('b' s.z1 e.x2) =  False;
 () (e.x1) ('b' e.x2) =  False;
 (e.x1) (e.x2) (s.z1 e.x3) =  False;
 (e.x1) (e.x2) (e.x3) =  False;
}


LogAnd_5 {
 ('c' e.x1) ('a' e.x2) =  <LogAnd_5 (e.x1) (e.x2)>;
 (e.x1) ('a' e.x2) =  False;
 ('c') () =  True;
 ('c' e.x1) () =  False;
 (e.x1) () =  False;
 (s.z1 e.x1) (s.z1 e.x2) =  <LogAnd_5 (e.x1) (e.x2)>;
 (e.x1) (s.z1 e.x2) =  False;
 (e.x1) (e.x2) =  False;
}


LogAnd_6 {
 ('bb' e.x1) (e.x2) (e.x3) (e.x4) (e.x5) =  <LogAnd_0 (e.x2) (e.x3) (e.x4) () (e.x5) (e.x1)>;
 (s.z1 e.x1) (e.x2) (e.x3) (e.x4) (e.x5) =  <LogAnd_6 (e.x1) (e.x2) (e.x3) (e.x4) (e.x5 s.z1)>;
 () (e.x1) (e.x2) (e.x3) (e.x4) =  False;
}

/* This file was generated by MSCP at Thu Apr 20 22:21:59 2023.*/

/* Elapsed time of embeddings is 0.124.*/

/* Elapsed time of generalizations is 1.83.*/
