

$ENTRY Go {
 (e.x1) =  <InputFormat_0 e.x1>;
}


InputFormat_0 {
 (z TO empty) (x TO empty) e.x1 =  False;
 (z TO empty) e.x1 =  False;
 (x TO empty) (z TO empty) e.x1 =  False;
 (x TO empty) (z TO A z) (z TO empty) (y TO empty) e.x1 =  False;
 (x TO empty) (z TO A z) (z TO empty) (y TO A y) (y TO empty) e.x1 =  False;
 (x TO empty) (z TO A z) (z TO empty) (y TO A y) (y TO A y) (y TO empty) =  True;
 (x TO empty) (z TO A z) (z TO empty) (y TO A y) (y TO A y) (y TO empty) e.x1 =  False;
 (x TO empty) (z TO A z) (z TO empty) (y TO A y) (y TO A y) e.x1 =  False;
 (x TO empty) (z TO A z) (z TO empty) (y TO A y) e.x1 =  False;
 (x TO empty) (z TO A z) (z TO empty) e.x1 =  False;
 (x TO empty) (z TO A z) (y TO empty) (z TO empty) e.x1 =  False;
 (x TO empty) (z TO A z) (y TO empty) e.x1 =  False;
 (x TO empty) (z TO A z) (y TO z y) (y TO empty) e.x1 =  False;
 (x TO empty) (z TO A z) (y TO z y) (y TO A y) (z TO empty) (y TO empty) e.x1 =  False;
 (x TO empty) (z TO A z) (y TO z y) (y TO A y) (z TO empty) (y TO A y) (y TO empty) =  True;
 (x TO empty) (z TO A z) (y TO z y) (y TO A y) (z TO empty) (y TO A y) (y TO empty) e.x1 =  False;
 (x TO empty) (z TO A z) (y TO z y) (y TO A y) (z TO empty) (y TO A y) e.x1 =  False;
 (x TO empty) (z TO A z) (y TO z y) (y TO A y) (z TO empty) e.x1 =  False;
 (x TO empty) (z TO A z) (y TO z y) (y TO A y) (y TO empty) (z TO empty) e.x1 =  False;
 (x TO empty) (z TO A z) (y TO z y) (y TO A y) (y TO empty) e.x1 =  False;
 (x TO empty) (z TO A z) (y TO z y) (y TO A y) (y TO z y) (y TO empty) e.x1 =  False;
 (x TO empty) (z TO A z) (y TO z y) (y TO A y) (y TO z y) (y TO A y) (z TO empty) (y TO empty) =  True;
 (x TO empty) (z TO A z) (y TO z y) (y TO A y) (y TO z y) (y TO A y) (z TO empty) (y TO empty) e.x1 =  False;
 (x TO empty) (z TO A z) (y TO z y) (y TO A y) (y TO z y) (y TO A y) (z TO empty) e.x1 =  False;
 (x TO empty) (z TO A z) (y TO z y) (y TO A y) (y TO z y) (y TO A y) (y TO empty) (z TO empty) =  True;
 (x TO empty) (z TO A z) (y TO z y) (y TO A y) (y TO z y) (y TO A y) (y TO empty) (z TO empty) e.x1 =  False;
 (x TO empty) (z TO A z) (y TO z y) (y TO A y) (y TO z y) (y TO A y) (y TO empty) e.x1 =  False;
 (x TO empty) (z TO A z) (y TO z y) (y TO A y) (y TO z y) (y TO A y) (y TO z y) (y TO empty) =  True;
 (x TO empty) (z TO A z) (y TO z y) (y TO A y) (y TO z y) (y TO A y) (y TO z y) (y TO empty) e.x1 =  False;
 (x TO empty) (z TO A z) (y TO z y) (y TO A y) (y TO z y) (y TO A y) (y TO z y) e.x1 =  False;
 (x TO empty) (z TO A z) (y TO z y) (y TO A y) (y TO z y) (y TO A y) (z TO y z) (z TO empty) =  True;
 (x TO empty) (z TO A z) (y TO z y) (y TO A y) (y TO z y) (y TO A y) (z TO y z) (z TO empty) e.x1 =  False;
 (x TO empty) (z TO A z) (y TO z y) (y TO A y) (y TO z y) (y TO A y) (z TO y z) e.x1 =  False;
 (x TO empty) (z TO A z) (y TO z y) (y TO A y) (y TO z y) (y TO A y) e.x1 =  False;
 (x TO empty) (z TO A z) (y TO z y) (y TO A y) (y TO z y) e.x1 =  False;
 (x TO empty) (z TO A z) (y TO z y) (y TO A y) (z TO y z) (z TO empty) e.x1 =  False;
 (x TO empty) (z TO A z) (y TO z y) (y TO A y) (z TO y z) e.x1 =  False;
 (x TO empty) (z TO A z) (y TO z y) (y TO A y) e.x1 =  False;
 (x TO empty) (z TO A z) (y TO z y) e.x1 =  False;
 (x TO empty) (z TO A z) (z TO y z) (z TO empty) e.x1 =  False;
 (x TO empty) (z TO A z) (z TO y z) e.x1 =  False;
 (x TO empty) (z TO A z) e.x1 =  False;
 (x TO empty) e.x1 =  False;
 (x TO z x) (z TO empty) (x TO empty) e.x1 =  False;
 (x TO z x) (z TO empty) e.x1 =  False;
 (x TO z x) (x TO empty) (z TO empty) e.x1 =  False;
 (x TO z x) (x TO empty) (z TO A z) (z TO empty) (y TO empty) e.x1 =  False;
 (x TO z x) (x TO empty) (z TO A z) (z TO empty) (y TO A y) (y TO empty) =  True;
 (x TO z x) (x TO empty) (z TO A z) (z TO empty) (y TO A y) (y TO empty) e.x1 =  False;
 (x TO z x) (x TO empty) (z TO A z) (z TO empty) (y TO A y) e.x1 =  False;
 (x TO z x) (x TO empty) (z TO A z) (z TO empty) e.x1 =  False;
 (x TO z x) (x TO empty) (z TO A z) (y TO empty) (z TO empty) e.x1 =  False;
 (x TO z x) (x TO empty) (z TO A z) (y TO empty) e.x1 =  False;
 (x TO z x) (x TO empty) (z TO A z) (y TO z y) (y TO empty) e.x1 =  False;
 (x TO z x) (x TO empty) (z TO A z) (y TO z y) (y TO A y) (z TO empty) (y TO empty) =  True;
 (x TO z x) (x TO empty) (z TO A z) (y TO z y) (y TO A y) (z TO empty) (y TO empty) e.x1 =  False;
 (x TO z x) (x TO empty) (z TO A z) (y TO z y) (y TO A y) (z TO empty) e.x1 =  False;
 (x TO z x) (x TO empty) (z TO A z) (y TO z y) (y TO A y) (y TO empty) (z TO empty) =  True;
 (x TO z x) (x TO empty) (z TO A z) (y TO z y) (y TO A y) (y TO empty) (z TO empty) e.x1 =  False;
 (x TO z x) (x TO empty) (z TO A z) (y TO z y) (y TO A y) (y TO empty) e.x1 =  False;
 (x TO z x) (x TO empty) (z TO A z) (y TO z y) (y TO A y) (y TO z y) (y TO empty) =  True;
 (x TO z x) (x TO empty) (z TO A z) (y TO z y) (y TO A y) (y TO z y) (y TO empty) e.x1 =  False;
 (x TO z x) (x TO empty) (z TO A z) (y TO z y) (y TO A y) (y TO z y) e.x1 =  False;
 (x TO z x) (x TO empty) (z TO A z) (y TO z y) (y TO A y) (z TO y z) (z TO empty) =  True;
 (x TO z x) (x TO empty) (z TO A z) (y TO z y) (y TO A y) (z TO y z) (z TO empty) e.x1 =  False;
 (x TO z x) (x TO empty) (z TO A z) (y TO z y) (y TO A y) (z TO y z) e.x1 =  False;
 (x TO z x) (x TO empty) (z TO A z) (y TO z y) (y TO A y) e.x1 =  False;
 (x TO z x) (x TO empty) (z TO A z) (y TO z y) e.x1 =  False;
 (x TO z x) (x TO empty) (z TO A z) (z TO y z) (z TO empty) e.x1 =  False;
 (x TO z x) (x TO empty) (z TO A z) (z TO y z) e.x1 =  False;
 (x TO z x) (x TO empty) (z TO A z) e.x1 =  False;
 (x TO z x) (x TO empty) e.x1 =  False;
 (x TO z x) (x TO z x) (z TO empty) (x TO empty) e.x1 =  False;
 (x TO z x) (x TO z x) (z TO empty) e.x1 =  False;
 (x TO z x) (x TO z x) (x TO empty) (z TO empty) e.x1 =  False;
 (x TO z x) (x TO z x) (x TO empty) (z TO A z) (z TO empty) (y TO empty) =  True;
 (x TO z x) (x TO z x) (x TO empty) (z TO A z) (z TO empty) (y TO empty) e.x1 =  False;
 (x TO z x) (x TO z x) (x TO empty) (z TO A z) (z TO empty) e.x1 =  False;
 (x TO z x) (x TO z x) (x TO empty) (z TO A z) (y TO empty) (z TO empty) =  True;
 (x TO z x) (x TO z x) (x TO empty) (z TO A z) (y TO empty) (z TO empty) e.x1 =  False;
 (x TO z x) (x TO z x) (x TO empty) (z TO A z) (y TO empty) e.x1 =  False;
 (x TO z x) (x TO z x) (x TO empty) (z TO A z) (y TO z y) (y TO empty) =  True;
 (x TO z x) (x TO z x) (x TO empty) (z TO A z) (y TO z y) (y TO empty) e.x1 =  False;
 (x TO z x) (x TO z x) (x TO empty) (z TO A z) (y TO z y) e.x1 =  False;
 (x TO z x) (x TO z x) (x TO empty) (z TO A z) (z TO y z) (z TO empty) =  True;
 (x TO z x) (x TO z x) (x TO empty) (z TO A z) (z TO y z) (z TO empty) e.x1 =  False;
 (x TO z x) (x TO z x) (x TO empty) (z TO A z) (z TO y z) e.x1 =  False;
 (x TO z x) (x TO z x) (x TO empty) (z TO A z) e.x1 =  False;
 (x TO z x) (x TO z x) (x TO empty) e.x1 =  False;
 (x TO z x) (x TO z x) (x TO z x) (x TO empty) e.x1 =  False;
 (x TO z x) (x TO z x) (x TO z x) e.x1 =  False;
 (x TO z x) (x TO z x) (z TO x z) (z TO empty) e.x1 =  False;
 (x TO z x) (x TO z x) (z TO x z) (z TO A z) (z TO empty) (y TO empty) =  True;
 (x TO z x) (x TO z x) (z TO x z) (z TO A z) (z TO empty) (y TO empty) e.x1 =  False;
 (x TO z x) (x TO z x) (z TO x z) (z TO A z) (z TO empty) e.x1 =  False;
 (x TO z x) (x TO z x) (z TO x z) (z TO A z) (y TO empty) (z TO empty) =  True;
 (x TO z x) (x TO z x) (z TO x z) (z TO A z) (y TO empty) (z TO empty) e.x1 =  False;
 (x TO z x) (x TO z x) (z TO x z) (z TO A z) (y TO empty) e.x1 =  False;
 (x TO z x) (x TO z x) (z TO x z) (z TO A z) (y TO z y) (y TO empty) =  True;
 (x TO z x) (x TO z x) (z TO x z) (z TO A z) (y TO z y) (y TO empty) e.x1 =  False;
 (x TO z x) (x TO z x) (z TO x z) (z TO A z) (y TO z y) e.x1 =  False;
 (x TO z x) (x TO z x) (z TO x z) (z TO A z) (z TO y z) (z TO empty) =  True;
 (x TO z x) (x TO z x) (z TO x z) (z TO A z) (z TO y z) (z TO empty) e.x1 =  False;
 (x TO z x) (x TO z x) (z TO x z) (z TO A z) (z TO y z) e.x1 =  False;
 (x TO z x) (x TO z x) (z TO x z) (z TO A z) e.x1 =  False;
 (x TO z x) (x TO z x) (z TO x z) e.x1 =  False;
 (x TO z x) (x TO z x) e.x1 =  False;
 (x TO z x) (z TO x z) (z TO empty) (x TO empty) e.x1 =  False;
 (x TO z x) (z TO x z) (z TO empty) (x TO A x) (x TO empty) (y TO empty) =  True;
 (x TO z x) (z TO x z) (z TO empty) (x TO A x) (x TO empty) (y TO empty) e.x1 =  False;
 (x TO z x) (z TO x z) (z TO empty) (x TO A x) (x TO empty) e.x1 =  False;
 (x TO z x) (z TO x z) (z TO empty) (x TO A x) (y TO empty) (x TO empty) =  True;
 (x TO z x) (z TO x z) (z TO empty) (x TO A x) (y TO empty) (x TO empty) e.x1 =  False;
 (x TO z x) (z TO x z) (z TO empty) (x TO A x) (y TO empty) e.x1 =  False;
 (x TO z x) (z TO x z) (z TO empty) (x TO A x) (y TO x y) (y TO empty) =  True;
 (x TO z x) (z TO x z) (z TO empty) (x TO A x) (y TO x y) (y TO empty) e.x1 =  False;
 (x TO z x) (z TO x z) (z TO empty) (x TO A x) (y TO x y) e.x1 =  False;
 (x TO z x) (z TO x z) (z TO empty) (x TO A x) (x TO y x) (x TO empty) =  True;
 (x TO z x) (z TO x z) (z TO empty) (x TO A x) (x TO y x) (x TO empty) e.x1 =  False;
 (x TO z x) (z TO x z) (z TO empty) (x TO A x) (x TO y x) e.x1 =  False;
 (x TO z x) (z TO x z) (z TO empty) (x TO A x) e.x1 =  False;
 (x TO z x) (z TO x z) (z TO empty) e.x1 =  False;
 (x TO z x) (z TO x z) (z TO A z) (z TO empty) (x TO empty) (y TO empty) e.x1 =  False;
 (x TO z x) (z TO x z) (z TO A z) (z TO empty) (x TO empty) (y TO A y) (y TO empty) =  True;
 (x TO z x) (z TO x z) (z TO A z) (z TO empty) (x TO empty) (y TO A y) (y TO empty) e.x1 =  False;
 (x TO z x) (z TO x z) (z TO A z) (z TO empty) (x TO empty) (y TO A y) e.x1 =  False;
 (x TO z x) (z TO x z) (z TO A z) (z TO empty) (x TO empty) e.x1 =  False;
 (x TO z x) (z TO x z) (z TO A z) (z TO empty) (y TO empty) (x TO empty) e.x1 =  False;
 (x TO z x) (z TO x z) (z TO A z) (z TO empty) (y TO empty) e.x1 =  False;
 (x TO z x) (z TO x z) (z TO A z) (z TO empty) (y TO x y) (y TO empty) e.x1 =  False;
 (x TO z x) (z TO x z) (z TO A z) (z TO empty) (y TO x y) (y TO A y) (y TO empty) =  True;
 (x TO z x) (z TO x z) (z TO A z) (z TO empty) (y TO x y) (y TO A y) (y TO empty) e.x1 =  False;
 (x TO z x) (z TO x z) (z TO A z) (z TO empty) (y TO x y) (y TO A y) e.x1 =  False;
 (x TO z x) (z TO x z) (z TO A z) (z TO empty) (y TO x y) e.x1 =  False;
 (x TO z x) (z TO x z) (z TO A z) (z TO empty) (x TO y x) (x TO empty) e.x1 =  False;
 (x TO z x) (z TO x z) (z TO A z) (z TO empty) (x TO y x) e.x1 =  False;
 (x TO z x) (z TO x z) (z TO A z) (z TO empty) e.x1 =  False;
 (x TO z x) (z TO x z) (z TO A z) (y TO empty) (z TO empty) (x TO empty) e.x1 =  False;
 (x TO z x) (z TO x z) (z TO A z) (y TO empty) (z TO empty) e.x1 =  False;
 (x TO z x) (z TO x z) (z TO A z) (y TO empty) e.x1 =  False;
 (x TO z x) (z TO x z) (z TO A z) (y TO z y) (x TO empty) (y TO empty) e.x1 =  False;
 (x TO z x) (z TO x z) (z TO A z) (y TO z y) (x TO empty) (y TO A y) (z TO empty) (y TO empty) =  True;
 (x TO z x) (z TO x z) (z TO A z) (y TO z y) (x TO empty) (y TO A y) (z TO empty) (y TO empty) e.x1 =  False;
 (x TO z x) (z TO x z) (z TO A z) (y TO z y) (x TO empty) (y TO A y) (z TO empty) e.x1 =  False;
 (x TO z x) (z TO x z) (z TO A z) (y TO z y) (x TO empty) (y TO A y) (y TO empty) (z TO empty) =  True;
 (x TO z x) (z TO x z) (z TO A z) (y TO z y) (x TO empty) (y TO A y) (y TO empty) (z TO empty) e.x1 =  False;
 (x TO z x) (z TO x z) (z TO A z) (y TO z y) (x TO empty) (y TO A y) (y TO empty) e.x1 =  False;
 (x TO z x) (z TO x z) (z TO A z) (y TO z y) (x TO empty) (y TO A y) (y TO z y) (y TO empty) =  True;
 (x TO z x) (z TO x z) (z TO A z) (y TO z y) (x TO empty) (y TO A y) (y TO z y) (y TO empty) e.x1 =  False;
 (x TO z x) (z TO x z) (z TO A z) (y TO z y) (x TO empty) (y TO A y) (y TO z y) e.x1 =  False;
 (x TO z x) (z TO x z) (z TO A z) (y TO z y) (x TO empty) (y TO A y) (z TO y z) (z TO empty) =  True;
 (x TO z x) (z TO x z) (z TO A z) (y TO z y) (x TO empty) (y TO A y) (z TO y z) (z TO empty) e.x1 =  False;
 (x TO z x) (z TO x z) (z TO A z) (y TO z y) (x TO empty) (y TO A y) (z TO y z) e.x1 =  False;
 (x TO z x) (z TO x z) (z TO A z) (y TO z y) (x TO empty) (y TO A y) e.x1 =  False;
 (x TO z x) (z TO x z) (z TO A z) (y TO z y) (x TO empty) e.x1 =  False;
 (x TO z x) (z TO x z) (z TO A z) (y TO z y) (y TO empty) (x TO empty) e.x1 =  False;
 (x TO z x) (z TO x z) (z TO A z) (y TO z y) (y TO empty) e.x1 =  False;
 (x TO z x) (z TO x z) (z TO A z) (y TO z y) (y TO x y) (y TO empty) e.x1 =  False;
 (x TO z x) (z TO x z) (z TO A z) (y TO z y) (y TO x y) (y TO A y) (z TO empty) (y TO empty) =  True;
 (x TO z x) (z TO x z) (z TO A z) (y TO z y) (y TO x y) (y TO A y) (z TO empty) (y TO empty) e.x1 =  False;
 (x TO z x) (z TO x z) (z TO A z) (y TO z y) (y TO x y) (y TO A y) (z TO empty) e.x1 =  False;
 (x TO z x) (z TO x z) (z TO A z) (y TO z y) (y TO x y) (y TO A y) (y TO empty) (z TO empty) =  True;
 (x TO z x) (z TO x z) (z TO A z) (y TO z y) (y TO x y) (y TO A y) (y TO empty) (z TO empty) e.x1 =  False;
 (x TO z x) (z TO x z) (z TO A z) (y TO z y) (y TO x y) (y TO A y) (y TO empty) e.x1 =  False;
 (x TO z x) (z TO x z) (z TO A z) (y TO z y) (y TO x y) (y TO A y) (y TO z y) (y TO empty) =  True;
 (x TO z x) (z TO x z) (z TO A z) (y TO z y) (y TO x y) (y TO A y) (y TO z y) (y TO empty) e.x1 =  False;
 (x TO z x) (z TO x z) (z TO A z) (y TO z y) (y TO x y) (y TO A y) (y TO z y) e.x1 =  False;
 (x TO z x) (z TO x z) (z TO A z) (y TO z y) (y TO x y) (y TO A y) (z TO y z) (z TO empty) =  True;
 (x TO z x) (z TO x z) (z TO A z) (y TO z y) (y TO x y) (y TO A y) (z TO y z) (z TO empty) e.x1 =  False;
 (x TO z x) (z TO x z) (z TO A z) (y TO z y) (y TO x y) (y TO A y) (z TO y z) e.x1 =  False;
 (x TO z x) (z TO x z) (z TO A z) (y TO z y) (y TO x y) (y TO A y) e.x1 =  False;
 (x TO z x) (z TO x z) (z TO A z) (y TO z y) (y TO x y) e.x1 =  False;
 (x TO z x) (z TO x z) (z TO A z) (y TO z y) (x TO y x) (x TO empty) e.x1 =  False;
 (x TO z x) (z TO x z) (z TO A z) (y TO z y) (x TO y x) e.x1 =  False;
 (x TO z x) (z TO x z) (z TO A z) (y TO z y) e.x1 =  False;
 (x TO z x) (z TO x z) (z TO A z) (z TO y z) (z TO empty) (x TO empty) e.x1 =  False;
 (x TO z x) (z TO x z) (z TO A z) (z TO y z) (z TO empty) e.x1 =  False;
 (x TO z x) (z TO x z) (z TO A z) (z TO y z) e.x1 =  False;
 (x TO z x) (z TO x z) (z TO A z) e.x1 =  False;
 (x TO z x) (z TO x z) e.x1 =  False;
 (x TO z x) e.x1 =  False;
 (z TO x z) (z TO empty) (x TO empty) e.x1 =  False;
 (z TO x z) (z TO empty) (x TO A x) (x TO empty) (y TO empty) e.x1 =  False;
 (z TO x z) (z TO empty) (x TO A x) (x TO empty) (y TO A y) (y TO empty) =  True;
 (z TO x z) (z TO empty) (x TO A x) (x TO empty) (y TO A y) (y TO empty) e.x1 =  False;
 (z TO x z) (z TO empty) (x TO A x) (x TO empty) (y TO A y) e.x1 =  False;
 (z TO x z) (z TO empty) (x TO A x) (x TO empty) e.x1 =  False;
 (z TO x z) (z TO empty) (x TO A x) (y TO empty) (x TO empty) e.x1 =  False;
 (z TO x z) (z TO empty) (x TO A x) (y TO empty) e.x1 =  False;
 (z TO x z) (z TO empty) (x TO A x) (y TO x y) (y TO empty) e.x1 =  False;
 (z TO x z) (z TO empty) (x TO A x) (y TO x y) (y TO A y) (x TO empty) (y TO empty) =  True;
 (z TO x z) (z TO empty) (x TO A x) (y TO x y) (y TO A y) (x TO empty) (y TO empty) e.x1 =  False;
 (z TO x z) (z TO empty) (x TO A x) (y TO x y) (y TO A y) (x TO empty) e.x1 =  False;
 (z TO x z) (z TO empty) (x TO A x) (y TO x y) (y TO A y) (y TO empty) (x TO empty) =  True;
 (z TO x z) (z TO empty) (x TO A x) (y TO x y) (y TO A y) (y TO empty) (x TO empty) e.x1 =  False;
 (z TO x z) (z TO empty) (x TO A x) (y TO x y) (y TO A y) (y TO empty) e.x1 =  False;
 (z TO x z) (z TO empty) (x TO A x) (y TO x y) (y TO A y) (y TO x y) (y TO empty) =  True;
 (z TO x z) (z TO empty) (x TO A x) (y TO x y) (y TO A y) (y TO x y) (y TO empty) e.x1 =  False;
 (z TO x z) (z TO empty) (x TO A x) (y TO x y) (y TO A y) (y TO x y) e.x1 =  False;
 (z TO x z) (z TO empty) (x TO A x) (y TO x y) (y TO A y) (x TO y x) (x TO empty) =  True;
 (z TO x z) (z TO empty) (x TO A x) (y TO x y) (y TO A y) (x TO y x) (x TO empty) e.x1 =  False;
 (z TO x z) (z TO empty) (x TO A x) (y TO x y) (y TO A y) (x TO y x) e.x1 =  False;
 (z TO x z) (z TO empty) (x TO A x) (y TO x y) (y TO A y) e.x1 =  False;
 (z TO x z) (z TO empty) (x TO A x) (y TO x y) e.x1 =  False;
 (z TO x z) (z TO empty) (x TO A x) (x TO y x) (x TO empty) e.x1 =  False;
 (z TO x z) (z TO empty) (x TO A x) (x TO y x) e.x1 =  False;
 (z TO x z) (z TO empty) (x TO A x) e.x1 =  False;
 (z TO x z) (z TO empty) e.x1 =  False;
 (z TO x z) (z TO A z) (z TO empty) (x TO empty) (y TO empty) e.x1 =  False;
 (z TO x z) (z TO A z) (z TO empty) (x TO empty) (y TO A y) (y TO empty) e.x1 =  False;
 (z TO x z) (z TO A z) (z TO empty) (x TO empty) (y TO A y) (y TO A y) (y TO empty) =  True;
 (z TO x z) (z TO A z) (z TO empty) (x TO empty) (y TO A y) (y TO A y) (y TO empty) e.x1 =  False;
 (z TO x z) (z TO A z) (z TO empty) (x TO empty) (y TO A y) (y TO A y) e.x1 =  False;
 (z TO x z) (z TO A z) (z TO empty) (x TO empty) (y TO A y) e.x1 =  False;
 (z TO x z) (z TO A z) (z TO empty) (x TO empty) e.x1 =  False;
 (z TO x z) (z TO A z) (z TO empty) (y TO empty) (x TO empty) e.x1 =  False;
 (z TO x z) (z TO A z) (z TO empty) (y TO empty) e.x1 =  False;
 (z TO x z) (z TO A z) (z TO empty) (y TO x y) (y TO empty) e.x1 =  False;
 (z TO x z) (z TO A z) (z TO empty) (y TO x y) (y TO A y) (x TO empty) (y TO empty) e.x1 =  False;
 (z TO x z) (z TO A z) (z TO empty) (y TO x y) (y TO A y) (x TO empty) (y TO A y) (y TO empty) =  True;
 (z TO x z) (z TO A z) (z TO empty) (y TO x y) (y TO A y) (x TO empty) (y TO A y) (y TO empty) e.x1 =  False;
 (z TO x z) (z TO A z) (z TO empty) (y TO x y) (y TO A y) (x TO empty) (y TO A y) e.x1 =  False;
 (z TO x z) (z TO A z) (z TO empty) (y TO x y) (y TO A y) (x TO empty) e.x1 =  False;
 (z TO x z) (z TO A z) (z TO empty) (y TO x y) (y TO A y) (y TO empty) (x TO empty) e.x1 =  False;
 (z TO x z) (z TO A z) (z TO empty) (y TO x y) (y TO A y) (y TO empty) e.x1 =  False;
 (z TO x z) (z TO A z) (z TO empty) (y TO x y) (y TO A y) (y TO x y) (y TO empty) e.x1 =  False;
 (z TO x z) (z TO A z) (z TO empty) (y TO x y) (y TO A y) (y TO x y) (y TO A y) (y TO empty) =  True;
 (z TO x z) (z TO A z) (z TO empty) (y TO x y) (y TO A y) (y TO x y) (y TO A y) (y TO empty) e.x1 =  False;
 (z TO x z) (z TO A z) (z TO empty) (y TO x y) (y TO A y) (y TO x y) (y TO A y) e.x1 =  False;
 (z TO x z) (z TO A z) (z TO empty) (y TO x y) (y TO A y) (y TO x y) e.x1 =  False;
 (z TO x z) (z TO A z) (z TO empty) (y TO x y) (y TO A y) (x TO y x) (x TO empty) e.x1 =  False;
 (z TO x z) (z TO A z) (z TO empty) (y TO x y) (y TO A y) (x TO y x) e.x1 =  False;
 (z TO x z) (z TO A z) (z TO empty) (y TO x y) (y TO A y) e.x1 =  False;
 (z TO x z) (z TO A z) (z TO empty) (y TO x y) e.x1 =  False;
 (z TO x z) (z TO A z) (z TO empty) (x TO y x) (x TO empty) e.x1 =  False;
 (z TO x z) (z TO A z) (z TO empty) (x TO y x) e.x1 =  False;
 (z TO x z) (z TO A z) (z TO empty) e.x1 =  False;
 (z TO x z) (z TO A z) (y TO empty) (z TO empty) (x TO empty) e.x1 =  False;
 (z TO x z) (z TO A z) (y TO empty) (z TO empty) e.x1 =  False;
 (z TO x z) (z TO A z) (y TO empty) e.x1 =  False;
 (z TO x z) (z TO A z) (y TO z y) (x TO empty) (y TO empty) e.x1 =  False;
 (z TO x z) (z TO A z) (y TO z y) (x TO empty) (y TO A y) (z TO empty) (y TO empty) e.x1 =  False;
 (z TO x z) (z TO A z) (y TO z y) (x TO empty) (y TO A y) (z TO empty) (y TO A y) (y TO empty) =  True;
 (z TO x z) (z TO A z) (y TO z y) (x TO empty) (y TO A y) (z TO empty) (y TO A y) (y TO empty) e.x1 =  False;
 (z TO x z) (z TO A z) (y TO z y) (x TO empty) (y TO A y) (z TO empty) (y TO A y) e.x1 =  False;
 (z TO x z) (z TO A z) (y TO z y) (x TO empty) (y TO A y) (z TO empty) e.x1 =  False;
 (z TO x z) (z TO A z) (y TO z y) (x TO empty) (y TO A y) (y TO empty) (z TO empty) e.x1 =  False;
 (z TO x z) (z TO A z) (y TO z y) (x TO empty) (y TO A y) (y TO empty) e.x1 =  False;
 (z TO x z) (z TO A z) (y TO z y) (x TO empty) (y TO A y) (y TO z y) (y TO empty) e.x1 =  False;
 (z TO x z) (z TO A z) (y TO z y) (x TO empty) (y TO A y) (y TO z y) (y TO A y) (z TO empty) (y TO empty) =  True
               ;
 (z TO x z) (z TO A z) (y TO z y) (x TO empty) (y TO A y) (y TO z y) (y TO A y) (z TO empty) (y TO empty) e.x1 =  False
               ;
 (z TO x z) (z TO A z) (y TO z y) (x TO empty) (y TO A y) (y TO z y) (y TO A y) (z TO empty) e.x1 =  False;
 (z TO x z) (z TO A z) (y TO z y) (x TO empty) (y TO A y) (y TO z y) (y TO A y) (y TO empty) (z TO empty) =  True;
 (z TO x z) (z TO A z) (y TO z y) (x TO empty) (y TO A y) (y TO z y) (y TO A y) (y TO empty) (z TO empty) e.x1 =  False;
 (z TO x z) (z TO A z) (y TO z y) (x TO empty) (y TO A y) (y TO z y) (y TO A y) (y TO empty) e.x1 =  False;
 (z TO x z) (z TO A z) (y TO z y) (x TO empty) (y TO A y) (y TO z y) (y TO A y) (y TO z y) (y TO empty) =  True;
 (z TO x z) (z TO A z) (y TO z y) (x TO empty) (y TO A y) (y TO z y) (y TO A y) (y TO z y) (y TO empty) e.x1 =  False;
 (z TO x z) (z TO A z) (y TO z y) (x TO empty) (y TO A y) (y TO z y) (y TO A y) (y TO z y) e.x1 =  False;
 (z TO x z) (z TO A z) (y TO z y) (x TO empty) (y TO A y) (y TO z y) (y TO A y) (z TO y z) (z TO empty) =  True;
 (z TO x z) (z TO A z) (y TO z y) (x TO empty) (y TO A y) (y TO z y) (y TO A y) (z TO y z) (z TO empty) e.x1 =  False;
 (z TO x z) (z TO A z) (y TO z y) (x TO empty) (y TO A y) (y TO z y) (y TO A y) (z TO y z) e.x1 =  False;
 (z TO x z) (z TO A z) (y TO z y) (x TO empty) (y TO A y) (y TO z y) (y TO A y) e.x1 =  False;
 (z TO x z) (z TO A z) (y TO z y) (x TO empty) (y TO A y) (y TO z y) e.x1 =  False;
 (z TO x z) (z TO A z) (y TO z y) (x TO empty) (y TO A y) (z TO y z) (z TO empty) e.x1 =  False;
 (z TO x z) (z TO A z) (y TO z y) (x TO empty) (y TO A y) (z TO y z) e.x1 =  False;
 (z TO x z) (z TO A z) (y TO z y) (x TO empty) (y TO A y) e.x1 =  False;
 (z TO x z) (z TO A z) (y TO z y) (x TO empty) e.x1 =  False;
 (z TO x z) (z TO A z) (y TO z y) (y TO empty) (x TO empty) e.x1 =  False;
 (z TO x z) (z TO A z) (y TO z y) (y TO empty) e.x1 =  False;
 (z TO x z) (z TO A z) (y TO z y) (y TO x y) (y TO empty) e.x1 =  False;
 (z TO x z) (z TO A z) (y TO z y) (y TO x y) (y TO A y) (z TO empty) (x TO empty) (y TO empty) e.x1 =  False;
 (z TO x z) (z TO A z) (y TO z y) (y TO x y) (y TO A y) (z TO empty) (x TO empty) (y TO A y) (y TO empty) =  True;
 (z TO x z) (z TO A z) (y TO z y) (y TO x y) (y TO A y) (z TO empty) (x TO empty) (y TO A y) (y TO empty) e.x1 =  False;
 (z TO x z) (z TO A z) (y TO z y) (y TO x y) (y TO A y) (z TO empty) (x TO empty) (y TO A y) e.x1 =  False;
 (z TO x z) (z TO A z) (y TO z y) (y TO x y) (y TO A y) (z TO empty) (x TO empty) e.x1 =  False;
 (z TO x z) (z TO A z) (y TO z y) (y TO x y) (y TO A y) (z TO empty) (y TO empty) (x TO empty) e.x1 =  False;
 (z TO x z) (z TO A z) (y TO z y) (y TO x y) (y TO A y) (z TO empty) (y TO empty) e.x1 =  False;
 (z TO x z) (z TO A z) (y TO z y) (y TO x y) (y TO A y) (z TO empty) (y TO x y) (y TO empty) e.x1 =  False;
 (z TO x z) (z TO A z) (y TO z y) (y TO x y) (y TO A y) (z TO empty) (y TO x y) (y TO A y) (y TO empty) =  True;
 (z TO x z) (z TO A z) (y TO z y) (y TO x y) (y TO A y) (z TO empty) (y TO x y) (y TO A y) (y TO empty) e.x1 =  False;
 (z TO x z) (z TO A z) (y TO z y) (y TO x y) (y TO A y) (z TO empty) (y TO x y) (y TO A y) e.x1 =  False;
 (z TO x z) (z TO A z) (y TO z y) (y TO x y) (y TO A y) (z TO empty) (y TO x y) e.x1 =  False;
 (z TO x z) (z TO A z) (y TO z y) (y TO x y) (y TO A y) (z TO empty) (x TO y x) (x TO empty) e.x1 =  False;
 (z TO x z) (z TO A z) (y TO z y) (y TO x y) (y TO A y) (z TO empty) (x TO y x) e.x1 =  False;
 (z TO x z) (z TO A z) (y TO z y) (y TO x y) (y TO A y) (z TO empty) e.x1 =  False;
 (z TO x z) (z TO A z) (y TO z y) (y TO x y) (y TO A y) (y TO empty) (z TO empty) (x TO empty) e.x1 =  False;
 (z TO x z) (z TO A z) (y TO z y) (y TO x y) (y TO A y) (y TO empty) (z TO empty) e.x1 =  False;
 (z TO x z) (z TO A z) (y TO z y) (y TO x y) (y TO A y) (y TO empty) e.x1 =  False;
 (z TO x z) (z TO A z) (y TO z y) (y TO x y) (y TO A y) (y TO z y) (x TO empty) (y TO empty) e.x1 =  False;
 (z TO x z) (z TO A z) (y TO z y) (y TO x y) (y TO A y) (y TO z y) (x TO empty) (y TO A y) (z TO empty) (y TO empty) =  True
               ;
 (z TO x z) (z TO A z) (y TO z y) (y TO x y) (y TO A y) (y TO z y) (x TO empty) (y TO A y) (z TO empty) (y TO empty) e.x1 =  False
               ;
 (z TO x z) (z TO A z) (y TO z y) (y TO x y) (y TO A y) (y TO z y) (x TO empty) (y TO A y) (z TO empty) e.x1 =  False;
 (z TO x z) (z TO A z) (y TO z y) (y TO x y) (y TO A y) (y TO z y) (x TO empty) (y TO A y) (y TO empty) (z TO empty) =  True;
 (z TO x z) (z TO A z) (y TO z y) (y TO x y) (y TO A y) (y TO z y) (x TO empty) (y TO A y) (y TO empty) (z TO empty) e.x1 =  False;
 (z TO x z) (z TO A z) (y TO z y) (y TO x y) (y TO A y) (y TO z y) (x TO empty) (y TO A y) (y TO empty) e.x1 =  False;
 (z TO x z) (z TO A z) (y TO z y) (y TO x y) (y TO A y) (y TO z y) (x TO empty) (y TO A y) (y TO z y) (y TO empty) =  True;
 (z TO x z) (z TO A z) (y TO z y) (y TO x y) (y TO A y) (y TO z y) (x TO empty) (y TO A y) (y TO z y) (y TO empty) e.x1 =  False;
 (z TO x z) (z TO A z) (y TO z y) (y TO x y) (y TO A y) (y TO z y) (x TO empty) (y TO A y) (y TO z y) e.x1 =  False;
 (z TO x z) (z TO A z) (y TO z y) (y TO x y) (y TO A y) (y TO z y) (x TO empty) (y TO A y) (z TO y z) (z TO empty) =  True;
 (z TO x z) (z TO A z) (y TO z y) (y TO x y) (y TO A y) (y TO z y) (x TO empty) (y TO A y) (z TO y z) (z TO empty) e.x1 =  False;
 (z TO x z) (z TO A z) (y TO z y) (y TO x y) (y TO A y) (y TO z y) (x TO empty) (y TO A y) (z TO y z) e.x1 =  False;
 (z TO x z) (z TO A z) (y TO z y) (y TO x y) (y TO A y) (y TO z y) (x TO empty) (y TO A y) e.x1 =  False;
 (z TO x z) (z TO A z) (y TO z y) (y TO x y) (y TO A y) (y TO z y) (x TO empty) e.x1 =  False;
 (z TO x z) (z TO A z) (y TO z y) (y TO x y) (y TO A y) (y TO z y) (y TO empty) (x TO empty) e.x1 =  False;
 (z TO x z) (z TO A z) (y TO z y) (y TO x y) (y TO A y) (y TO z y) (y TO empty) e.x1 =  False;
 (z TO x z) (z TO A z) (y TO z y) (y TO x y) (y TO A y) (y TO z y) (y TO x y) (y TO empty) e.x1 =  False;
 (z TO x z) (z TO A z) (y TO z y) (y TO x y) (y TO A y) (y TO z y) (y TO x y) (y TO A y) (z TO empty) (y TO empty) =  True;
 (z TO x z) (z TO A z) (y TO z y) (y TO x y) (y TO A y) (y TO z y) (y TO x y) (y TO A y) (z TO empty) (y TO empty) e.x1 =  False;
 (z TO x z) (z TO A z) (y TO z y) (y TO x y) (y TO A y) (y TO z y) (y TO x y) (y TO A y) (z TO empty) e.x1 =  False;
 (z TO x z) (z TO A z) (y TO z y) (y TO x y) (y TO A y) (y TO z y) (y TO x y) (y TO A y) (y TO empty) (z TO empty) =  True;
 (z TO x z) (z TO A z) (y TO z y) (y TO x y) (y TO A y) (y TO z y) (y TO x y) (y TO A y) (y TO empty) (z TO empty) e.x1 =  False;
 (z TO x z) (z TO A z) (y TO z y) (y TO x y) (y TO A y) (y TO z y) (y TO x y) (y TO A y) (y TO empty) e.x1 =  False;
 (z TO x z) (z TO A z) (y TO z y) (y TO x y) (y TO A y) (y TO z y) (y TO x y) (y TO A y) (y TO z y) (y TO empty) =  True;
 (z TO x z) (z TO A z) (y TO z y) (y TO x y) (y TO A y) (y TO z y) (y TO x y) (y TO A y) (y TO z y) (y TO empty) e.x1 =  False;
 (z TO x z) (z TO A z) (y TO z y) (y TO x y) (y TO A y) (y TO z y) (y TO x y) (y TO A y) (y TO z y) e.x1 =  False;
 (z TO x z) (z TO A z) (y TO z y) (y TO x y) (y TO A y) (y TO z y) (y TO x y) (y TO A y) (z TO y z) (z TO empty) =  True;
 (z TO x z) (z TO A z) (y TO z y) (y TO x y) (y TO A y) (y TO z y) (y TO x y) (y TO A y) (z TO y z) (z TO empty) e.x1 =  False;
 (z TO x z) (z TO A z) (y TO z y) (y TO x y) (y TO A y) (y TO z y) (y TO x y) (y TO A y) (z TO y z) e.x1 =  False;
 (z TO x z) (z TO A z) (y TO z y) (y TO x y) (y TO A y) (y TO z y) (y TO x y) (y TO A y) e.x1 =  False;
 (z TO x z) (z TO A z) (y TO z y) (y TO x y) (y TO A y) (y TO z y) (y TO x y) e.x1 =  False;
 (z TO x z) (z TO A z) (y TO z y) (y TO x y) (y TO A y) (y TO z y) (x TO y x) (x TO empty) e.x1 =  False;
 (z TO x z) (z TO A z) (y TO z y) (y TO x y) (y TO A y) (y TO z y) (x TO y x) e.x1 =  False;
 (z TO x z) (z TO A z) (y TO z y) (y TO x y) (y TO A y) (y TO z y) e.x1 =  False;
 (z TO x z) (z TO A z) (y TO z y) (y TO x y) (y TO A y) (z TO y z) (z TO empty) (x TO empty) e.x1 =  False;
 (z TO x z) (z TO A z) (y TO z y) (y TO x y) (y TO A y) (z TO y z) (z TO empty) e.x1 =  False;
 (z TO x z) (z TO A z) (y TO z y) (y TO x y) (y TO A y) (z TO y z) e.x1 =  False;
 (z TO x z) (z TO A z) (y TO z y) (y TO x y) (y TO A y) e.x1 =  False;
 (z TO x z) (z TO A z) (y TO z y) (y TO x y) e.x1 =  False;
 (z TO x z) (z TO A z) (y TO z y) (x TO y x) (x TO empty) e.x1 =  False;
 (z TO x z) (z TO A z) (y TO z y) (x TO y x) e.x1 =  False;
 (z TO x z) (z TO A z) (y TO z y) e.x1 =  False;
 (z TO x z) (z TO A z) (z TO y z) (z TO empty) (x TO empty) e.x1 =  False;
 (z TO x z) (z TO A z) (z TO y z) (z TO empty) e.x1 =  False;
 (z TO x z) (z TO A z) (z TO y z) e.x1 =  False;
 (z TO x z) (z TO A z) e.x1 =  False;
 (z TO x z) e.x1 =  False;
 e.x1 =  False;
}

/* This file was generated by MSCP at Thu Dec 28 02:13:50 2023.*/

/* Elapsed time of embeddings is 3.729.*/

/* Elapsed time of generalizations is 0.0.*/
